// Jest Snapshot v1, https://goo.gl/fbAQLP

exports[`pages/Shops should match snapshot 1`] = `
<withRouter(Locations)
  deleteLocation={[MockFunction]}
  fetching={false}
  getLocations={[MockFunction]}
  links={
    Object {
      "create": "/shop",
      "getInfo": [Function],
    }
  }
  locations={
    Array [
      Object {
        "createdAt": "2019-07-31T23:22:49.173Z",
        "description": "Et harum quidem rerum facilis est et expedita distinctio. Nam libero tempore, cum soluta nobis est eligendi optio cumque nihil impedit quo minus id quod maxime placeat facere possimus, omnis voluptas assumenda est, omnis dolor repellendus. Temporibus autem quibusdam et aut officiis debitis aut rerum necessitatibus saepe eveniet ut et voluptates repudiandae sint et molestiae non recusandae. Itaque earum rerum hic tenetur a sapiente delectus, ut aut reiciendis voluptatibus maiores alias consequatur aut perferendis doloribus asperiores repellat.",
        "image": "https://cdn.shopify.com/s/files/1/2340/0283/files/TreadlyShopHeader1_1400x.progressive.jpg?v=1508754615",
        "point": Object {
          "lat": 47.0265823,
          "lng": 28.8180033,
        },
        "title": "ShopA",
        "updatedAt": "2019-07-31T23:22:49.173Z",
        "uuid": "fbf27a68-4af3-4efb-8f48-e64dd1cf0807",
      },
    ]
  }
  title="Магазины"
/>
`;
