// Jest Snapshot v1, https://goo.gl/fbAQLP

exports[`pages/ProfileForm should match snapshot 1`] = `
<App
  content={
    Object {
      "actions": Array [
        <Button
          block={false}
          disabled={true}
          ghost={false}
          htmlType="button"
          loading={false}
          onClick={[Function]}
        >
          Сбросить
        </Button>,
        <Button
          block={false}
          disabled={true}
          ghost={false}
          htmlType="button"
          loading={false}
          onClick={[MockFunction]}
          type="primary"
        >
          Сохранить
        </Button>,
      ],
      "title": "Редактировать профиль",
      "useHeader": true,
      "useLayout": true,
    }
  }
>
  <Form>
    <Row
      gutter={0}
    >
      <Col
        span={6}
      >
        <Upload
          name="avatar"
        />
      </Col>
      <Col
        offset={1}
        span={6}
      >
        <styled.h3>
          test@example.com
        </styled.h3>
        <Select
          name="status"
        >
          <Option
            value="need_help"
          >
            Нужна помощь!
          </Option>
          <Option
            value="looking_for_company"
          >
            Ищу компанию!
          </Option>
        </Select>
      </Col>
    </Row>
    <Textarea
      autosize={
        Object {
          "maxRows": 4,
          "minRows": 2,
        }
      }
      label="Описание"
      name="description"
    />
    <Input
      label="Telegram"
      name="telegram"
    />
    <Input
      label="Facebook"
      name="facebook"
    />
  </Form>
</App>
`;
