// Jest Snapshot v1, https://goo.gl/fbAQLP

exports[`pages/ServiceForm should match snapshot 1`] = `
<Styled(Sider)
  collapsed={false}
  collapsible={true}
  onCollapse={[Function]}
>
  <Styled(Menu)
    selectedKeys={Array []}
  >
    <Styled(MenuItem)
      key="/"
    >
      <Icon
        type="environment"
      />
      <Link
        to="/"
      >
        Карта
      </Link>
    </Styled(MenuItem)>
    <Styled(MenuItem)
      key="/events"
    >
      <Icon
        type="compass"
      />
      <Link
        to="/events"
      >
        Cобытия
      </Link>
    </Styled(MenuItem)>
    <Styled(MenuItem)
      key="/parkings"
    >
      <Icon
        type="car"
      />
      <Link
        to="/parkings"
      >
        Парковки
      </Link>
    </Styled(MenuItem)>
    <Styled(MenuItem)
      key="/services"
    >
      <Icon
        type="setting"
      />
      <Link
        to="/services"
      >
        Сервисы
      </Link>
    </Styled(MenuItem)>
    <Styled(MenuItem)
      key="/shops"
    >
      <Icon
        type="shop"
      />
      <Link
        to="/shops"
      >
        Магазины
      </Link>
    </Styled(MenuItem)>
  </Styled(Menu)>
</Styled(Sider)>
`;
